[0.067s][info][gc] Using G1
[4.595s][info][gc] GC(0) Pause Young (Normal) (G1 Evacuation Pause) 4M->2M(12M) 6.652ms
[4.630s][info][gc] GC(1) Pause Young (Normal) (G1 Evacuation Pause) 3M->2M(12M) 2.353ms
[4.655s][info][gc] GC(2) Pause Young (Normal) (G1 Evacuation Pause) 3M->2M(12M) 1.407ms
[4.717s][info][gc] GC(3) Pause Young (Normal) (G1 Evacuation Pause) 4M->2M(12M) 1.598ms
[4.782s][info][gc] GC(4) Pause Young (Normal) (G1 Evacuation Pause) 4M->3M(12M) 2.763ms
[4.812s][info][gc] GC(5) Pause Young (Normal) (G1 Evacuation Pause) 5M->3M(12M) 3.092ms
[4.844s][info][gc] GC(6) Pause Young (Normal) (G1 Evacuation Pause) 5M->4M(12M) 3.022ms
[5.067s][info][gc] GC(7) Pause Young (Normal) (G1 Evacuation Pause) 6M->4M(12M) 1.514ms
[5.132s][info][gc] GC(8) Pause Young (Normal) (G1 Evacuation Pause) 5M->4M(12M) 1.465ms
[5.208s][info][gc] GC(9) Pause Young (Normal) (G1 Evacuation Pause) 5M->5M(12M) 2.285ms
[5.313s][info][gc] GC(10) Pause Young (Normal) (G1 Evacuation Pause) 6M->5M(12M) 2.155ms
[5.369s][info][gc] GC(11) Pause Young (Normal) (G1 Evacuation Pause) 6M->5M(12M) 1.959ms
[10.432s][info][gc] GC(12) Pause Young (Normal) (G1 Evacuation Pause) 7M->5M(12M) 3.159ms
[17.062s][info][gc] GC(13) Pause Young (Concurrent Start) (G1 Humongous Allocation) 6M->5M(12M) 1.559ms
[17.062s][info][gc] GC(14) Concurrent Mark Cycle
[17.075s][info][gc] GC(14) Pause Remark 6M->6M(12M) 3.127ms
[17.078s][info][gc] GC(14) Pause Cleanup 6M->6M(12M) 0.103ms
[17.078s][info][gc] GC(14) Concurrent Mark Cycle 15.886ms
[23.451s][info][gc] GC(15) Pause Young (Prepare Mixed) (G1 Evacuation Pause) 7M->6M(12M) 2.160ms
[31.462s][info][gc] GC(16) Pause Young (Mixed) (G1 Evacuation Pause) 7M->5M(12M) 1.414ms
[40.441s][info][gc] GC(17) Pause Young (Concurrent Start) (G1 Evacuation Pause) 6M->5M(12M) 1.657ms
[40.441s][info][gc] GC(18) Concurrent Mark Cycle
[40.453s][info][gc] GC(18) Pause Remark 5M->5M(12M) 2.188ms
[40.457s][info][gc] GC(18) Pause Cleanup 5M->5M(12M) 0.027ms
[40.457s][info][gc] GC(18) Concurrent Mark Cycle 16.752ms
[43.385s][info][gc] GC(19) Pause Young (Concurrent Start) (G1 Humongous Allocation) 5M->5M(12M) 1.655ms
[43.385s][info][gc] GC(20) Concurrent Mark Cycle
[43.394s][info][gc] GC(20) Pause Remark 6M->6M(12M) 2.579ms
[43.398s][info][gc] GC(20) Pause Cleanup 6M->6M(12M) 0.031ms
[43.398s][info][gc] GC(20) Concurrent Mark Cycle 13.749ms
[59.468s][info][gc] GC(21) Pause Young (Normal) (G1 Evacuation Pause) 8M->6M(12M) 1.706ms
[67.469s][info][gc] GC(22) Pause Young (Concurrent Start) (G1 Evacuation Pause) 7M->6M(12M) 1.762ms
[67.470s][info][gc] GC(23) Concurrent Mark Cycle
[67.482s][info][gc] GC(23) Pause Remark 6M->6M(12M) 2.774ms
[67.485s][info][gc] GC(23) Pause Cleanup 6M->6M(12M) 0.028ms
[67.485s][info][gc] GC(23) Concurrent Mark Cycle 15.595ms
[75.502s][info][gc] GC(24) Pause Young (Normal) (G1 Evacuation Pause) 7M->6M(12M) 1.960ms
[83.498s][info][gc] GC(25) Pause Young (Concurrent Start) (G1 Evacuation Pause) 7M->6M(12M) 1.803ms
[83.498s][info][gc] GC(26) Concurrent Mark Cycle
[83.508s][info][gc] GC(26) Pause Remark 6M->6M(12M) 2.185ms
[83.512s][info][gc] GC(26) Pause Cleanup 6M->6M(12M) 0.029ms
[83.512s][info][gc] GC(26) Concurrent Mark Cycle 13.119ms
[91.505s][info][gc] GC(27) Pause Young (Normal) (G1 Evacuation Pause) 7M->6M(12M) 2.305ms
[100.512s][info][gc] GC(28) Pause Young (Concurrent Start) (G1 Evacuation Pause) 7M->6M(12M) 1.478ms
[100.512s][info][gc] GC(29) Concurrent Mark Cycle
[100.523s][info][gc] GC(29) Pause Remark 6M->6M(12M) 3.030ms
[100.528s][info][gc] GC(29) Pause Cleanup 6M->6M(12M) 0.036ms
[100.528s][info][gc] GC(29) Concurrent Mark Cycle 15.231ms
[108.517s][info][gc] GC(30) Pause Young (Normal) (G1 Evacuation Pause) 7M->6M(12M) 1.772ms
[117.491s][info][gc] GC(31) Pause Young (Concurrent Start) (G1 Evacuation Pause) 7M->6M(12M) 1.523ms
[117.491s][info][gc] GC(32) Concurrent Mark Cycle
[117.501s][info][gc] GC(32) Pause Remark 6M->6M(12M) 2.540ms
[117.505s][info][gc] GC(32) Pause Cleanup 6M->6M(12M) 0.027ms
[117.505s][info][gc] GC(32) Concurrent Mark Cycle 14.103ms
[125.529s][info][gc] GC(33) Pause Young (Normal) (G1 Evacuation Pause) 7M->6M(12M) 1.588ms
[133.534s][info][gc] GC(34) Pause Young (Concurrent Start) (G1 Evacuation Pause) 7M->6M(12M) 1.177ms
[133.534s][info][gc] GC(35) Concurrent Mark Cycle
[133.545s][info][gc] GC(35) Pause Remark 6M->6M(12M) 3.528ms
[133.550s][info][gc] GC(35) Pause Cleanup 6M->6M(12M) 0.024ms
[133.550s][info][gc] GC(35) Concurrent Mark Cycle 16.218ms
[142.499s][info][gc] GC(36) Pause Young (Normal) (G1 Evacuation Pause) 7M->6M(12M) 1.312ms
[150.546s][info][gc] GC(37) Pause Young (Concurrent Start) (G1 Evacuation Pause) 7M->6M(12M) 1.220ms
[150.546s][info][gc] GC(38) Concurrent Mark Cycle
[150.557s][info][gc] GC(38) Pause Remark 6M->6M(12M) 3.272ms
[150.563s][info][gc] GC(38) Pause Cleanup 6M->6M(12M) 0.123ms
[150.563s][info][gc] GC(38) Concurrent Mark Cycle 16.327ms
[158.550s][info][gc] GC(39) Pause Young (Normal) (G1 Evacuation Pause) 7M->6M(12M) 1.127ms
[166.560s][info][gc] GC(40) Pause Young (Concurrent Start) (G1 Evacuation Pause) 7M->6M(12M) 1.135ms
[166.560s][info][gc] GC(41) Concurrent Mark Cycle
[166.574s][info][gc] GC(41) Pause Remark 6M->6M(12M) 3.113ms
[166.578s][info][gc] GC(41) Pause Cleanup 6M->6M(12M) 0.075ms
[166.578s][info][gc] GC(41) Concurrent Mark Cycle 18.416ms
[174.568s][info][gc] GC(42) Pause Young (Normal) (G1 Evacuation Pause) 7M->5M(12M) 0.977ms
[192.522s][info][gc] GC(43) Pause Young (Concurrent Start) (G1 Evacuation Pause) 7M->5M(12M) 1.043ms
[192.522s][info][gc] GC(44) Concurrent Mark Cycle
[192.537s][info][gc] GC(44) Pause Remark 5M->5M(12M) 4.743ms
[192.541s][info][gc] GC(44) Pause Cleanup 5M->5M(12M) 0.035ms
[192.541s][info][gc] GC(44) Concurrent Mark Cycle 18.749ms
[207.528s][info][gc] GC(45) Pause Young (Normal) (G1 Evacuation Pause) 7M->5M(12M) 0.858ms
[207.726s][info][gc] GC(46) Pause Young (Concurrent Start) (G1 Humongous Allocation) 5M->5M(12M) 0.921ms
[207.726s][info][gc] GC(47) Concurrent Mark Cycle
[207.740s][info][gc] GC(47) Pause Remark 6M->6M(12M) 2.944ms
[207.744s][info][gc] GC(47) Pause Cleanup 6M->6M(12M) 0.026ms
[207.744s][info][gc] GC(47) Concurrent Mark Cycle 17.475ms
[224.611s][info][gc] GC(48) Pause Young (Normal) (G1 Evacuation Pause) 8M->5M(12M) 0.905ms
[242.622s][info][gc] GC(49) Pause Young (Concurrent Start) (G1 Evacuation Pause) 7M->5M(12M) 1.196ms
[242.623s][info][gc] GC(50) Concurrent Mark Cycle
[242.633s][info][gc] GC(50) Pause Remark 5M->5M(12M) 2.885ms
[242.636s][info][gc] GC(50) Pause Cleanup 5M->5M(12M) 0.028ms
[242.636s][info][gc] GC(50) Concurrent Mark Cycle 13.371ms
[251.022s][info][gc] GC(51) Pause Young (Concurrent Start) (G1 Humongous Allocation) 6M->5M(12M) 0.933ms
[251.022s][info][gc] GC(52) Concurrent Mark Cycle
[251.028s][info][gc] GC(53) Pause Young (Normal) (G1 Evacuation Pause) 8M->6M(12M) 0.566ms
[251.031s][info][gc] GC(54) Pause Young (Normal) (G1 Evacuation Pause) 7M->6M(12M) 0.606ms
[251.038s][info][gc] GC(52) Pause Remark 7M->7M(12M) 3.986ms
[251.043s][info][gc] GC(55) Pause Young (Normal) (G1 Evacuation Pause) 7M->6M(12M) 0.640ms
[251.044s][info][gc] GC(52) Pause Cleanup 6M->6M(12M) 0.030ms
[251.044s][info][gc] GC(52) Concurrent Mark Cycle 21.587ms
[251.051s][info][gc] GC(56) Pause Young (Normal) (G1 Evacuation Pause) 7M->6M(12M) 0.577ms
[251.059s][info][gc] GC(57) Pause Young (Concurrent Start) (G1 Evacuation Pause) 7M->6M(12M) 0.736ms
[251.060s][info][gc] GC(58) Concurrent Mark Cycle
[251.069s][info][gc] GC(59) Pause Young (Normal) (G1 Evacuation Pause) 7M->6M(12M) 0.669ms
[251.073s][info][gc] GC(58) Pause Remark 7M->7M(12M) 3.418ms
[251.075s][info][gc] GC(60) Pause Young (Normal) (G1 Evacuation Pause) 7M->6M(12M) 0.569ms
[251.078s][info][gc] GC(61) Pause Young (Normal) (G1 Evacuation Pause) 7M->6M(12M) 0.832ms
[251.081s][info][gc] GC(62) Pause Young (Normal) (G1 Evacuation Pause) 7M->6M(12M) 0.796ms
[251.081s][info][gc] GC(58) Pause Cleanup 6M->6M(12M) 0.021ms
[251.081s][info][gc] GC(58) Concurrent Mark Cycle 21.774ms
[251.084s][info][gc] GC(63) Pause Young (Normal) (G1 Evacuation Pause) 7M->6M(12M) 0.911ms
[251.086s][info][gc] GC(64) Pause Young (Concurrent Start) (G1 Evacuation Pause) 7M->7M(12M) 0.913ms
[251.086s][info][gc] GC(65) Concurrent Mark Cycle
[251.089s][info][gc] GC(66) Pause Young (Normal) (G1 Evacuation Pause) 7M->7M(12M) 0.795ms
[251.091s][info][gc] GC(67) Pause Young (Normal) (G1 Evacuation Pause) 8M->7M(12M) 0.757ms
[251.093s][info][gc] GC(68) Pause Young (Normal) (G1 Evacuation Pause) 8M->7M(12M) 0.591ms
[251.095s][info][gc] GC(69) Pause Young (Normal) (G1 Evacuation Pause) 8M->7M(12M) 0.545ms
[251.100s][info][gc] GC(65) Pause Remark 8M->8M(12M) 3.200ms
[251.101s][info][gc] GC(70) Pause Young (Normal) (G1 Evacuation Pause) 8M->7M(12M) 0.613ms
[251.104s][info][gc] GC(71) Pause Young (Normal) (G1 Evacuation Pause) 8M->7M(12M) 0.553ms
[251.106s][info][gc] GC(65) Pause Cleanup 8M->8M(12M) 0.093ms
[251.106s][info][gc] GC(65) Concurrent Mark Cycle 19.905ms
[251.107s][info][gc] GC(72) Pause Young (Prepare Mixed) (G1 Evacuation Pause) 8M->7M(12M) 0.625ms
[251.111s][info][gc] GC(73) Pause Young (Mixed) (G1 Preventive Collection) 8M->7M(12M) 1.899ms
[251.113s][info][gc] GC(74) Pause Young (Concurrent Start) (G1 Evacuation Pause) 8M->7M(12M) 0.933ms
[251.113s][info][gc] GC(75) Concurrent Mark Cycle
[251.116s][info][gc] GC(76) Pause Young (Normal) (G1 Evacuation Pause) 8M->7M(12M) 0.519ms
[251.119s][info][gc] GC(77) Pause Young (Normal) (G1 Evacuation Pause) 8M->7M(12M) 0.778ms
[251.121s][info][gc] GC(78) Pause Young (Normal) (G1 Evacuation Pause) 8M->7M(12M) 0.508ms
[251.123s][info][gc] GC(79) Pause Young (Normal) (G1 Evacuation Pause) 8M->7M(12M) 0.678ms
[251.125s][info][gc] GC(80) Pause Young (Normal) (G1 Evacuation Pause) 8M->7M(12M) 0.483ms
[251.129s][info][gc] GC(75) Pause Remark 7M->7M(12M) 3.241ms
[251.133s][info][gc] GC(75) Pause Cleanup 9M->9M(12M) 0.027ms
[251.133s][info][gc] GC(75) Concurrent Mark Cycle 20.171ms
[251.551s][info][gc] GC(81) Pause Young (Prepare Mixed) (G1 Preventive Collection) 9M->6M(12M) 0.749ms
[255.632s][info][gc] GC(82) Pause Young (Mixed) (G1 Evacuation Pause) 7M->5M(12M) 1.952ms
[273.562s][info][gc] GC(83) Pause Young (Concurrent Start) (G1 Evacuation Pause) 7M->5M(12M) 1.329ms
[273.562s][info][gc] GC(84) Concurrent Mark Cycle
[273.580s][info][gc] GC(84) Pause Remark 5M->5M(12M) 5.801ms
[273.584s][info][gc] GC(84) Pause Cleanup 5M->5M(12M) 0.038ms
[273.584s][info][gc] GC(84) Concurrent Mark Cycle 22.096ms
