[0.071s][info][gc] Using The Z Garbage Collector
[0.359s][info][gc] GC(0) Garbage Collection (Warmup) 4M(17%)->4M(17%)
[2.546s][info][gc] GC(1) Garbage Collection (Warmup) 6M(25%)->6M(25%)
[2.658s][info][gc] GC(2) Garbage Collection (Warmup) 10M(42%)->8M(33%)
[2.893s][info][gc] GC(3) Garbage Collection (Allocation Rate) 16M(67%)->8M(33%)
[2.952s][info][gc] GC(4) Garbage Collection (Allocation Rate) 8M(33%)->6M(25%)
[3.047s][info][gc] GC(5) Garbage Collection (Allocation Rate) 8M(33%)->8M(33%)
[3.152s][info][gc] GC(6) Garbage Collection (Allocation Rate) 8M(33%)->8M(33%)
[3.254s][info][gc] GC(7) Garbage Collection (Allocation Rate) 8M(33%)->8M(33%)
[3.373s][info][gc] GC(8) Garbage Collection (Allocation Rate) 10M(42%)->8M(33%)
[3.459s][info][gc] GC(9) Garbage Collection (Allocation Rate) 8M(33%)->8M(33%)
[5.562s][info][gc] GC(10) Garbage Collection (Proactive) 12M(50%)->10M(42%)
[26.856s][info][gc] GC(11) Garbage Collection (Proactive) 14M(58%)->8M(33%)
[36.846s][info][gc] GC(12) Garbage Collection (Proactive) 12M(50%)->6M(25%)
[47.852s][info][gc] GC(13) Garbage Collection (Proactive) 10M(42%)->6M(25%)
[58.858s][info][gc] GC(14) Garbage Collection (Proactive) 10M(42%)->6M(25%)
[64.153s][info][gc] GC(15) Garbage Collection (Proactive) 10M(42%)->8M(33%)
[74.846s][info][gc] GC(16) Garbage Collection (Proactive) 12M(50%)->8M(33%)
[84.858s][info][gc] GC(17) Garbage Collection (Proactive) 12M(50%)->8M(33%)
[94.853s][info][gc] GC(18) Garbage Collection (Proactive) 12M(50%)->8M(33%)
[98.257s][info][gc] GC(19) Garbage Collection (Proactive) 12M(50%)->12M(50%)
[125.859s][info][gc] GC(20) Garbage Collection (Proactive) 16M(67%)->12M(50%)
[153.948s][info][gc] GC(21) Garbage Collection (Proactive) 16M(67%)->12M(50%)
[181.949s][info][gc] GC(22) Garbage Collection (Proactive) 16M(67%)->12M(50%)
[209.961s][info][gc] GC(23) Garbage Collection (Proactive) 16M(67%)->12M(50%)
[234.953s][info][gc] GC(24) Garbage Collection (Proactive) 16M(67%)->8M(33%)
[247.958s][info][gc] GC(25) Garbage Collection (Proactive) 12M(50%)->8M(33%)
[258.657s][info][gc] GC(26) Garbage Collection (Proactive) 12M(50%)->8M(33%)
[270.954s][info][gc] GC(27) Garbage Collection (Proactive) 12M(50%)->8M(33%)
[275.054s][info][gc] GC(28) Garbage Collection (Proactive) 12M(50%)->12M(50%)
[300.044s][info][gc] GC(29) Garbage Collection (Proactive) 16M(67%)->8M(33%)
[311.050s][info][gc] GC(30) Garbage Collection (Proactive) 12M(50%)->8M(33%)
[316.011s][info][gc] Allocation Stall (main) 20.345ms
[316.011s][info][gc] GC(31) Garbage Collection (Allocation Stall) 24M(100%)->16M(67%)
[316.041s][info][gc] Allocation Stall (main) 15.892ms
[316.041s][info][gc] GC(32) Garbage Collection (Allocation Stall) 24M(100%)->16M(67%)
[316.148s][info][gc] GC(33) Garbage Collection (Allocation Rate) 22M(92%)->10M(42%)
[316.244s][info][gc] GC(34) Garbage Collection (Allocation Rate) 10M(42%)->8M(33%)
[316.351s][info][gc] GC(35) Garbage Collection (Allocation Rate) 8M(33%)->8M(33%)
[316.444s][info][gc] GC(36) Garbage Collection (Allocation Rate) 8M(33%)->8M(33%)
[316.541s][info][gc] GC(37) Garbage Collection (Allocation Rate) 8M(33%)->8M(33%)
[316.648s][info][gc] GC(38) Garbage Collection (Allocation Rate) 8M(33%)->8M(33%)
[316.744s][info][gc] GC(39) Garbage Collection (Allocation Rate) 8M(33%)->8M(33%)
[317.250s][info][gc] GC(40) Garbage Collection (Allocation Rate) 10M(42%)->8M(33%)
[317.344s][info][gc] GC(41) Garbage Collection (Allocation Rate) 8M(33%)->8M(33%)
[317.450s][info][gc] GC(42) Garbage Collection (Allocation Rate) 8M(33%)->8M(33%)
[317.544s][info][gc] GC(43) Garbage Collection (Allocation Rate) 8M(33%)->8M(33%)
[317.653s][info][gc] GC(44) Garbage Collection (Allocation Rate) 8M(33%)->8M(33%)
[317.747s][info][gc] GC(45) Garbage Collection (Allocation Rate) 8M(33%)->8M(33%)
[329.045s][info][gc] GC(46) Garbage Collection (Proactive) 12M(50%)->10M(42%)
[342.055s][info][gc] GC(47) Garbage Collection (Proactive) 14M(58%)->10M(42%)
[354.050s][info][gc] GC(48) Garbage Collection (Proactive) 14M(58%)->10M(42%)
